admin@LAPTOP-KORT2CE1 MINGW64 ~/OneDrive/Documents/practice (main)
$ git clone https://github.com/VINAY050805/GIT-LAB.git
Cloning into 'GIT-LAB'...
remote: Enumerating objects: 3, done.
remote: Counting objects: 100% (3/3), done.
remote: Total 3 (delta 0), reused 3 (delta 0), pack-reused 0
Receiving objects: 100% (3/3), done.

admin@LAPTOP-KORT2CE1 MINGW64 ~/OneDrive/Documents/practice (main)
$ ls
GIT-LAB/

admin@LAPTOP-KORT2CE1 MINGW64 ~/OneDrive/Documents/practice (main)
$ cd GIT-LAB

admin@LAPTOP-KORT2CE1 MINGW64 ~/OneDrive/Documents/practice/GIT-LAB (main)
$ ls
Readme.md

admin@LAPTOP-KORT2CE1 MINGW64 ~/OneDrive/Documents/practice/GIT-LAB (main)
$ touch a.txt

admin@LAPTOP-KORT2CE1 MINGW64 ~/OneDrive/Documents/practice/GIT-LAB (main)
$ git status
On branch main
Your branch is up to date with 'origin/main'.

Untracked files:
  (use "git add <file>..." to include in what will be committed)
        a.txt

nothing added to commit but untracked files present (use "git add" to track)

admin@LAPTOP-KORT2CE1 MINGW64 ~/OneDrive/Documents/practice/GIT-LAB (main)
$ git add .

admin@LAPTOP-KORT2CE1 MINGW64 ~/OneDrive/Documents/practice/GIT-LAB (main)
$ git status
On branch main
Your branch is up to date with 'origin/main'.

Changes to be committed:
  (use "git restore --staged <file>..." to unstage)
        new file:   a.txt


admin@LAPTOP-KORT2CE1 MINGW64 ~/OneDrive/Documents/practice/GIT-LAB (main)
$ git commit -m "a.txt file created"
[main cd36abf] a.txt file created
 1 file changed, 0 insertions(+), 0 deletions(-)
 create mode 100644 a.txt

admin@LAPTOP-KORT2CE1 MINGW64 ~/OneDrive/Documents/practice/GIT-LAB (main)
$ git status
On branch main
Your branch is ahead of 'origin/main' by 1 commit.   
  (use "git push" to publish your local commits)     

nothing to commit, working tree clean

admin@LAPTOP-KORT2CE1 MINGW64 ~/OneDrive/Documents/practice/GIT-LAB (main)
$ git log
commit cd36abf39a6c54727314c7c36f58c7a10dc3f42a (HEAD -> main)
Author: Vinay S <vinay050805@gmail.com>
Date:   Sat Feb 17 12:32:35 2024 +0530

    a.txt file created

commit f6c3435f4ede445200b3e9eb4f3471fb491c3390 (origin/main, origin/HEAD)
Author: vinays <vinay050805@gmail.com>
Date:   Fri Feb 16 20:48:25 2024 +0530

    Readme.mf file created in github

admin@LAPTOP-KORT2CE1 MINGW64 ~/OneDrive/Documents/practice/GIT-LAB (main)
$ ssh-keygen -t ed25519 -C "vinay050805@gmail.com"   
Generating public/private ed25519 key pair.
Enter file in which to save the key (/c/Users/admin/.ssh/id_ed25519): /c/Users/admin/.ssh/id_ed25519
/c/Users/admin/.ssh/id_ed25519 already exists.       
Overwrite (y/n)? y
Enter passphrase (empty for no passphrase):
Enter same passphrase again:
Your identification has been saved in /c/Users/admin/.ssh/id_ed25519
Your public key has been saved in /c/Users/admin/.ssh/id_ed25519.pub
The key fingerprint is:
SHA256:ARdTnXEs0BFALof+QVGuRcx/XzImc98dSSuJr5tM1IY vinay050805@gmail.com
The key's randomart image is:
+--[ED25519 256]--+
|      . ++*O**.  |
|       o + +B... |
|        + + +oo o|
|       . = +=o*+o|
|        S oE.B.=*|
|         .....  =|
|          ...    |
|          o..    |
|           +.    |
+----[SHA256]-----+

admin@LAPTOP-KORT2CE1 MINGW64 ~/OneDrive/Documents/practice/GIT-LAB (main)
$ eval "$(ssh-agent -s)"
Agent pid 1326

admin@LAPTOP-KORT2CE1 MINGW64 ~/OneDrive/Documents/practice/GIT-LAB (main)
$ ssh-add ~/.ssh/id_ed25519
Enter passphrase for /c/Users/admin/.ssh/id_ed25519: 
Identity added: /c/Users/admin/.ssh/id_ed25519 (vinay050805@gmail.com)

admin@LAPTOP-KORT2CE1 MINGW64 ~/OneDrive/Documents/practice/GIT-LAB (main)
$ cat ~/.ssh/id_ed25519.pub
ssh-ed25519 AAAAC3NzaC1lZDI1NTE5AAAAIK4QHvISCMJ2gBx7URvCwxhJJjYG5eIiSlIxGohuUV6w vinay050805@gmail.com    

admin@LAPTOP-KORT2CE1 MINGW64 ~/OneDrive/Documents/practice/GIT-LAB (main)
$ git remote -v
origin  https://github.com/VINAY050805/GIT-LAB.git (fetch)
origin  https://github.com/VINAY050805/GIT-LAB.git (push)

admin@LAPTOP-KORT2CE1 MINGW64 ~/OneDrive/Documents/practice/GIT-LAB (main)
$ git remote set-url origin git@github.com:VINAY050805/GIT-LAB.git

admin@LAPTOP-KORT2CE1 MINGW64 ~/OneDrive/Documents/practice/GIT-LAB (main)
$ git remote -v
origin  git@github.com:VINAY050805/GIT-LAB.git (fetch)
origin  git@github.com:VINAY050805/GIT-LAB.git (push)

admin@LAPTOP-KORT2CE1 MINGW64 ~/OneDrive/Documents/practice/GIT-LAB (main)
$ git pull
Already up to date.

admin@LAPTOP-KORT2CE1 MINGW64 ~/OneDrive/Documents/practice/GIT-LAB (main)
$ git pull origin
Already up to date.

admin@LAPTOP-KORT2CE1 MINGW64 ~/OneDrive/Documents/practice/GIT-LAB (main)
$ git branch
* main

admin@LAPTOP-KORT2CE1 MINGW64 ~/OneDrive/Documents/practice/GIT-LAB (main)
$ git branch f1

admin@LAPTOP-KORT2CE1 MINGW64 ~/OneDrive/Documents/practice/GIT-LAB (main)
$ git branch
  f1
* main

admin@LAPTOP-KORT2CE1 MINGW64 ~/OneDrive/Documents/practice/GIT-LAB (main)
$ ls
a.txt  Readme.md

admin@LAPTOP-KORT2CE1 MINGW64 ~/OneDrive/Documents/practice/GIT-LAB (main)
$ git checkout f1
Switched to branch 'f1'

Please make sure you have the correct access rights
and the repository exists.

admin@LAPTOP-KORT2CE1 MINGW64 ~/OneDrive/Documents/practice/GIT-LAB (f1)
$ git push origin f1
Enumerating objects: 3, done.
Counting objects: 100% (3/3), done.
Delta compression using up to 8 threads
Compressing objects: 100% (2/2), done.
Writing objects: 100% (2/2), 248 bytes | 82.00 KiB/s, done.
Total 2 (delta 0), reused 0 (delta 0), pack-reused 0
remote:
remote: Create a pull request for 'f1' on GitHub by visiting:
remote:      https://github.com/VINAY050805/GIT-LAB/pull/new/f1
remote:
To github.com:VINAY050805/GIT-LAB.git
 * [new branch]      f1 -> f1