admin@LAPTOP-KORT2CE1 MINGW64 ~ (main)
$ git clone https://github.com/VINAY050805/GIT-LAB.git
Cloning into 'GIT-LAB'...
remote: Enumerating objects: 9, done.
remote: Counting objects: 100% (9/9), done.
remote: Compressing objects: 100% (6/6), done.
remote: Total 9 (delta 3), reused 7 (delta 1), pack-reused 0
Receiving objects: 100% (9/9), done.
Resolving deltas: 100% (3/3), done.

admin@LAPTOP-KORT2CE1 MINGW64 ~ (main)
$ cd GIT-LAB

admin@LAPTOP-KORT2CE1 MINGW64 ~/GIT-LAB (main)
$ ls
Readme.md

admin@LAPTOP-KORT2CE1 MINGW64 ~/GIT-LAB (main)
$ touch a.txt

admin@LAPTOP-KORT2CE1 MINGW64 ~/GIT-LAB (main)
$ git status
On branch main
Your branch is up to date with 'origin/main'.

Untracked files:
  (use "git add <file>..." to include in what will be committed)
        a.txt

nothing added to commit but untracked files present (use "git add" to track)

admin@LAPTOP-KORT2CE1 MINGW64 ~/GIT-LAB (main)
$ git add .

admin@LAPTOP-KORT2CE1 MINGW64 ~/GIT-LAB (main)
$ git commit -m "a.txt file created"
[main cc58c4d] a.txt file created
 1 file changed, 0 insertions(+), 0 deletions(-)
 create mode 100644 a.txt

admin@LAPTOP-KORT2CE1 MINGW64 ~/GIT-LAB (main)
$ git status
On branch main
Your branch is ahead of 'origin/main' by 1 commit.
  (use "git push" to publish your local commits)

nothing to commit, working tree clean

admin@LAPTOP-KORT2CE1 MINGW64 ~/GIT-LAB (main)
$ git log
commit cc58c4d5431363d05b4936dc3904e831f08966db (HEAD -> main)
Author: Vinay S <vinay050805@gmail.com>
Date:   Wed Feb 21 20:26:31 2024 +0530

    a.txt file created

commit f6c3435f4ede445200b3e9eb4f3471fb491c3390 (origin/main, origin/HEAD)
Author: vinays <vinay050805@gmail.com>
Date:   Fri Feb 16 20:48:25 2024 +0530

    Readme.mf file created in github

admin@LAPTOP-KORT2CE1 MINGW64 ~/GIT-LAB (main)
$ git branch
* main

admin@LAPTOP-KORT2CE1 MINGW64 ~/GIT-LAB (main)
$ git branch f1

admin@LAPTOP-KORT2CE1 MINGW64 ~/GIT-LAB (main)
$ touch b.txt

admin@LAPTOP-KORT2CE1 MINGW64 ~/GIT-LAB (main)
$ git add .

admin@LAPTOP-KORT2CE1 MINGW64 ~/GIT-LAB (main)
$ git commit -m "b.txt file created"
[main 6c3121b] b.txt file created
 1 file changed, 0 insertions(+), 0 deletions(-)
 create mode 100644 b.txt

admin@LAPTOP-KORT2CE1 MINGW64 ~/GIT-LAB (main)
$ git log
commit 6c3121bb97bd053bc54f60ce5a98ecf1aec4830e (HEAD -> main)
Author: Vinay S <vinay050805@gmail.com>
Date:   Wed Feb 21 20:29:02 2024 +0530

    b.txt file created

commit cc58c4d5431363d05b4936dc3904e831f08966db (f1)
Author: Vinay S <vinay050805@gmail.com>
Date:   Wed Feb 21 20:26:31 2024 +0530

    a.txt file created

commit f6c3435f4ede445200b3e9eb4f3471fb491c3390 (origin/main, origin/HEAD)
Author: vinays <vinay050805@gmail.com>
Date:   Fri Feb 16 20:48:25 2024 +0530

    Readme.mf file created in github

admin@LAPTOP-KORT2CE1 MINGW64 ~/GIT-LAB (main)
$ git branch
  f1
* main

admin@LAPTOP-KORT2CE1 MINGW64 ~/GIT-LAB (main)
$ ls
Readme.md  a.txt  b.txt

admin@LAPTOP-KORT2CE1 MINGW64 ~/GIT-LAB (main)
$ git checkout f1
Switched to branch 'f1'

admin@LAPTOP-KORT2CE1 MINGW64 ~/GIT-LAB (f1)
$ ls
Readme.md  a.txt

admin@LAPTOP-KORT2CE1 MINGW64 ~/GIT-LAB (f1)
$ touch c.txt

admin@LAPTOP-KORT2CE1 MINGW64 ~/GIT-LAB (f1)
$ git add .

admin@LAPTOP-KORT2CE1 MINGW64 ~/GIT-LAB (f1)
$ git commit -m "c.txt file created"
[f1 9dba3e6] c.txt file created
 1 file changed, 0 insertions(+), 0 deletions(-)
 create mode 100644 c.txt

admin@LAPTOP-KORT2CE1 MINGW64 ~/GIT-LAB (f1)
$ git log
commit 9dba3e6bfaaffde5d8cfb49bb0251ed68c27bf8d (HEAD -> f1)
Author: Vinay S <vinay050805@gmail.com>
Date:   Wed Feb 21 20:31:29 2024 +0530

    c.txt file created

commit cc58c4d5431363d05b4936dc3904e831f08966db
Author: Vinay S <vinay050805@gmail.com>
Date:   Wed Feb 21 20:26:31 2024 +0530

    a.txt file created

commit f6c3435f4ede445200b3e9eb4f3471fb491c3390 (origin/main, origin/HEAD)
Author: vinays <vinay050805@gmail.com>
Date:   Fri Feb 16 20:48:25 2024 +0530

    Readme.mf file created in github

admin@LAPTOP-KORT2CE1 MINGW64 ~/GIT-LAB (f1)
$ git checkout main
Switched to branch 'main'
Your branch is ahead of 'origin/main' by 2 commits.
  (use "git push" to publish your local commits)

admin@LAPTOP-KORT2CE1 MINGW64 ~/GIT-LAB (main)
$ git cherry-pick "9dba3e6bfaaffde5d8cfb49bb0251ed68c27bf8d"
[main ad0f7e5] c.txt file created
 Date: Wed Feb 21 20:31:29 2024 +0530
 1 file changed, 0 insertions(+), 0 deletions(-)
 create mode 100644 c.txt
