
admin@LAPTOP-KORT2CE1 MINGW64 ~ (main)
$ git clone https://github.com/VINAY050805/GIT-LAB.git
fatal: destination path 'GIT-LAB' already exists and is not an empty directory.

admin@LAPTOP-KORT2CE1 MINGW64 ~ (main)
$ cd GIT-LAB

admin@LAPTOP-KORT2CE1 MINGW64 ~/GIT-LAB (main)
$ ls
Readme.md  a.txt  b.txt  c.txt

admin@LAPTOP-KORT2CE1 MINGW64 ~/GIT-LAB (main)
$ touch d.txt

admin@LAPTOP-KORT2CE1 MINGW64 ~/GIT-LAB (main)
$ git status
On branch main
Your branch is ahead of 'origin/main' by 2 commits.
  (use "git push" to publish your local commits)

Untracked files:
  (use "git add <file>..." to include in what will be committed)
        b.txt
        d.txt

nothing added to commit but untracked files present (use "git add" to track)

admin@LAPTOP-KORT2CE1 MINGW64 ~/GIT-LAB (main)
$ git add .

admin@LAPTOP-KORT2CE1 MINGW64 ~/GIT-LAB (main)
$ git commit -m "d.txt file created"
[main becb6ec] d.txt file created
 2 files changed, 0 insertions(+), 0 deletions(-)
 create mode 100644 b.txt
 create mode 100644 d.txt

admin@LAPTOP-KORT2CE1 MINGW64 ~/GIT-LAB (main)
$ git status
On branch main
Your branch is ahead of 'origin/main' by 3 commits.
  (use "git push" to publish your local commits)

nothing to commit, working tree clean

admin@LAPTOP-KORT2CE1 MINGW64 ~/GIT-LAB (main)
$ git log
commit becb6eca5e0bf3097280ad865c1a3c634e5966b3 (HEAD -> main)
Author: Vinay S <vinay050805@gmail.com>
Date:   Wed Feb 21 20:45:05 2024 +0530

    d.txt file created

commit 9dba3e6bfaaffde5d8cfb49bb0251ed68c27bf8d (f1)
Author: Vinay S <vinay050805@gmail.com>
Date:   Wed Feb 21 20:31:29 2024 +0530

    c.txt file created

commit cc58c4d5431363d05b4936dc3904e831f08966db
Author: Vinay S <vinay050805@gmail.com>
Date:   Wed Feb 21 20:26:31 2024 +0530

    a.txt file created

commit f6c3435f4ede445200b3e9eb4f3471fb491c3390 (origin/main, origin/HEAD)
Author: vinays <vinay050805@gmail.com>
Date:   Fri Feb 16 20:48:25 2024 +0530

    Readme.mf file created in github

admin@LAPTOP-KORT2CE1 MINGW64 ~/GIT-LAB (main)
$ git branch
  f1
* main

admin@LAPTOP-KORT2CE1 MINGW64 ~/GIT-LAB (main)
$ git checkout f1
Switched to branch 'f1'

admin@LAPTOP-KORT2CE1 MINGW64 ~/GIT-LAB (f1)
$ ls
Readme.md  a.txt  c.txt

admin@LAPTOP-KORT2CE1 MINGW64 ~/GIT-LAB (f1)
$ touch e.txt

admin@LAPTOP-KORT2CE1 MINGW64 ~/GIT-LAB (f1)
$ git add .

admin@LAPTOP-KORT2CE1 MINGW64 ~/GIT-LAB (f1)
$ git commit -m "e.txt file created"
[f1 2bcfbe0] e.txt file created
 1 file changed, 0 insertions(+), 0 deletions(-)
 create mode 100644 e.txt

admin@LAPTOP-KORT2CE1 MINGW64 ~/GIT-LAB (f1)
$ git status
On branch f1
nothing to commit, working tree clean

admin@LAPTOP-KORT2CE1 MINGW64 ~/GIT-LAB (f1)
$ git log
commit 2bcfbe071403376016bcac9e392500a98599dc2e (HEAD -> f1)
Author: Vinay S <vinay050805@gmail.com>
Date:   Wed Feb 21 20:46:39 2024 +0530

    e.txt file created

commit 9dba3e6bfaaffde5d8cfb49bb0251ed68c27bf8d
Author: Vinay S <vinay050805@gmail.com>
Date:   Wed Feb 21 20:31:29 2024 +0530

    c.txt file created

commit cc58c4d5431363d05b4936dc3904e831f08966db
Author: Vinay S <vinay050805@gmail.com>
Date:   Wed Feb 21 20:26:31 2024 +0530

    a.txt file created

commit f6c3435f4ede445200b3e9eb4f3471fb491c3390 (origin/main, origin/HEAD)
Author: vinays <vinay050805@gmail.com>
Date:   Fri Feb 16 20:48:25 2024 +0530

    Readme.mf file created in github

admin@LAPTOP-KORT2CE1 MINGW64 ~/GIT-LAB (f1)
$ git checkout main
Switched to branch 'main'
Your branch is ahead of 'origin/main' by 3 commits.
  (use "git push" to publish your local commits)

admin@LAPTOP-KORT2CE1 MINGW64 ~/GIT-LAB (main)
$ git reset "2bcfbe071403376016bcac9e392500a98599dc2e"
Unstaged changes after reset:
D       e.txt

admin@LAPTOP-KORT2CE1 MINGW64 ~/GIT-LAB (main)
$
