
admin@LAPTOP-KORT2CE1 MINGW64 ~ (main)
$ git clone https://github.com/VINAY050805/GIT-LAB.git
Cloning into 'GIT-LAB'...
remote: Enumerating objects: 9, done.
remote: Counting objects: 100% (9/9), done.
remote: Compressing objects: 100% (6/6), done.
remote: Total 9 (delta 3), reused 7 (delta 1), pack-reused 0
Receiving objects: 100% (9/9), done.
Resolving deltas: 100% (3/3), done.

admin@LAPTOP-KORT2CE1 MINGW64 ~ (main)
$ cd GIT-LAB

admin@LAPTOP-KORT2CE1 MINGW64 ~/GIT-LAB (main)
$ ls
Readme.md

admin@LAPTOP-KORT2CE1 MINGW64 ~/GIT-LAB (main)
$ touch a.txt

admin@LAPTOP-KORT2CE1 MINGW64 ~/GIT-LAB (main)
$ git status
On branch main
Your branch is up to date with 'origin/main'.

Untracked files:
  (use "git add <file>..." to include in what will be committed)
        a.txt

nothing added to commit but untracked files present (use "git add" to track)

admin@LAPTOP-KORT2CE1 MINGW64 ~/GIT-LAB (main)
$ git add .

admin@LAPTOP-KORT2CE1 MINGW64 ~/GIT-LAB (main)
$ git status
On branch main
Your branch is up to date with 'origin/main'.

Changes to be committed:
  (use "git restore --staged <file>..." to unstage)
        new file:   a.txt


admin@LAPTOP-KORT2CE1 MINGW64 ~/GIT-LAB (main)
$ git commit -m "a.txt file created"
[main 2497747] a.txt file created
 1 file changed, 0 insertions(+), 0 deletions(-)
 create mode 100644 a.txt

admin@LAPTOP-KORT2CE1 MINGW64 ~/GIT-LAB (main)
$ git log
commit 249774737f8950cc9548a2104f9e2ab51a1618de (HEAD -> main)
Author: Vinay S <vinay050805@gmail.com>
Date:   Wed Feb 21 21:48:14 2024 +0530

    a.txt file created

commit f6c3435f4ede445200b3e9eb4f3471fb491c3390 (origin/main, origin/HEAD)
Author: vinays <vinay050805@gmail.com>
Date:   Fri Feb 16 20:48:25 2024 +0530

    Readme.mf file created in github

admin@LAPTOP-KORT2CE1 MINGW64 ~/GIT-LAB (main)
$ git branch
* main

admin@LAPTOP-KORT2CE1 MINGW64 ~/GIT-LAB (main)
$ git branch f1

admin@LAPTOP-KORT2CE1 MINGW64 ~/GIT-LAB (main)
$ git checkout f1
Switched to branch 'f1'

admin@LAPTOP-KORT2CE1 MINGW64 ~/GIT-LAB (f1)
$ ls
Readme.md  a.txt

admin@LAPTOP-KORT2CE1 MINGW64 ~/GIT-LAB (f1)
$ touch b.txt

admin@LAPTOP-KORT2CE1 MINGW64 ~/GIT-LAB (f1)
$ git status
On branch f1
Untracked files:
  (use "git add <file>..." to include in what will be committed)
        b.txt

nothing added to commit but untracked files present (use "git add" to track)

admin@LAPTOP-KORT2CE1 MINGW64 ~/GIT-LAB (f1)
$ git add .

admin@LAPTOP-KORT2CE1 MINGW64 ~/GIT-LAB (f1)
$ git commit -m "b.txt file created"
[f1 2b1cb50] b.txt file created
 1 file changed, 0 insertions(+), 0 deletions(-)
 create mode 100644 b.txt

admin@LAPTOP-KORT2CE1 MINGW64 ~/GIT-LAB (f1)
$ git log
commit 2b1cb503db30ab6cd140b2c9792aff484382d3ce (HEAD -> f1)
Author: Vinay S <vinay050805@gmail.com>
Date:   Wed Feb 21 21:49:54 2024 +0530

    b.txt file created

commit 249774737f8950cc9548a2104f9e2ab51a1618de (main)
Author: Vinay S <vinay050805@gmail.com>
Date:   Wed Feb 21 21:48:14 2024 +0530

    a.txt file created

commit f6c3435f4ede445200b3e9eb4f3471fb491c3390 (origin/main, origin/HEAD)
Author: vinays <vinay050805@gmail.com>
Date:   Fri Feb 16 20:48:25 2024 +0530

    Readme.mf file created in github

admin@LAPTOP-KORT2CE1 MINGW64 ~/GIT-LAB (f1)
$ git checkout main
Switched to branch 'main'
Your branch is ahead of 'origin/main' by 1 commit.
  (use "git push" to publish your local commits)

admin@LAPTOP-KORT2CE1 MINGW64 ~/GIT-LAB (main)
$ git merge f1
Updating 2497747..2b1cb50
Fast-forward
 b.txt | 0
 1 file changed, 0 insertions(+), 0 deletions(-)
 create mode 100644 b.txt

admin@LAPTOP-KORT2CE1 MINGW64 ~/GIT-LAB (main)
$ ls
Readme.md  a.txt  b.txt

admin@LAPTOP-KORT2CE1 MINGW64 ~/GIT-LAB (main)
$ git log --author "vinay"
commit 2b1cb503db30ab6cd140b2c9792aff484382d3ce (HEAD -> main, f1)
Author: Vinay S <vinay050805@gmail.com>
Date:   Wed Feb 21 21:49:54 2024 +0530

    b.txt file created

commit 249774737f8950cc9548a2104f9e2ab51a1618de
Author: Vinay S <vinay050805@gmail.com>
Date:   Wed Feb 21 21:48:14 2024 +0530

    a.txt file created

commit f6c3435f4ede445200b3e9eb4f3471fb491c3390 (origin/main, origin/HEAD)
Author: vinays <vinay050805@gmail.com>
Date:   Fri Feb 16 20:48:25 2024 +0530

    Readme.mf file created in github
